#./src/main/resources/Entities.map
#Fri Aug 24 21:08:55 CEST 2018
question1=950
application4=949
application3=948
application2=947
officer3=927
application1=946
officer2=926
officer1=925
personalSection4=900
personalSection3=899
personalSection2=898
personalSection1=897
visa5=945
visa4=944
decision3=954
visa3=943
category6=915
decision2=953
visa2=942
category5=914
visa1=941
category4=913
category3=912
investigator3=924
category2=911
investigator2=923
category1=910
investigator1=922
contactSection1=909
configurationSystem1=940
administrator3=918
administrator2=917
administrator1=916
immigrant3=921
educationSection2=904
immigrant2=920
educationSection1=903
userAccount9=893
immigrant1=919
userAccount8=892
country2=929
userAccount7=891
country1=928
userAccount6=890
userAccount5=889
law3=935
report3=932
userAccount4=888
law2=934
report2=931
userAccount3=887
law1=933
report1=930
userAccount2=886
userAccount1=885
workSection2=902
workSection1=901
userAccount12=896
userAccount11=895
socialSection4=908
userAccount10=894
socialSection3=907
socialSection2=906
requirement4=939
socialSection1=905
requirement3=938
question3=952
requirement2=937
question2=951
requirement1=936
